\BOOKMARK [0][-]{chapter.1}{\376\377\000W\000p\000r\000o\000w\000a\000d\000z\000e\000n\000i\000e}{}% 1
\BOOKMARK [1][-]{section.1.1}{\376\377\000M\000o\000t\000y\000w\000a\000c\000j\000a}{chapter.1}% 2
\BOOKMARK [1][-]{section.1.2}{\376\377\000W\000y\000m\000a\000g\000a\000n\000i\000a\000\040\000o\000d\000\040\000s\000y\000s\000t\000e\000m\000u}{chapter.1}% 3
\BOOKMARK [0][-]{chapter.2}{\376\377\000P\000l\000a\000n\000\040\000p\000r\000a\000c\000y}{}% 4
\BOOKMARK [0][-]{chapter.3}{\376\377\000Z\000a\000l\000e\000c\000e\000n\000i\000a\000\040\001\174\000y\000w\000i\000e\000n\000i\000o\000w\000e\000\040\000i\000\040\000w\000a\000r\000t\000o\001\133\001\007\000\040\000p\000o\000k\000a\000r\000m\000o\000w\000a\000\040\000p\000a\000s\000z\000\040\000d\000l\000a\000\040\000d\000r\000o\000b\000i\000u}{}% 5
\BOOKMARK [1][-]{section.3.1}{\376\377\000U\000k\001\102\000a\000d\000\040\000k\000s\000i\001\005\001\174\000k\000i}{chapter.3}% 6
\BOOKMARK [1][-]{section.3.2}{\376\377\000W\000i\000l\000g\000o\000t\000n\000o\001\133\001\007}{chapter.3}% 7
\BOOKMARK [1][-]{section.3.3}{\376\377\000E\000n\000e\000r\000g\000i\000a}{chapter.3}% 8
\BOOKMARK [1][-]{section.3.4}{\376\377\000B\000i\000a\001\102\000k\000o\000\040\000i\000\040\000A\000m\000i\000n\000o\000k\000w\000a\000s\000y}{chapter.3}% 9
\BOOKMARK [2][-]{subsection.3.4.1}{\376\377\000A\000m\000i\000n\000o\000k\000w\000a\000s\000y\000\040\000n\000i\000e\000z\000b\001\031\000d\000n\000e\000\040\000\050\000e\000g\000z\000o\000g\000e\000n\000n\000e\000\051}{section.3.4}% 10
\BOOKMARK [2][-]{subsection.3.4.2}{\376\377\000A\000m\000i\000n\000o\000k\000w\000a\000s\000y\000\040\000w\000z\000g\000l\001\031\000d\000n\000i\000e\000\040\000e\000g\000z\000o\000g\000e\000n\000n\000e}{section.3.4}% 11
\BOOKMARK [2][-]{subsection.3.4.3}{\376\377\000A\000m\000i\000n\000o\000k\000w\000a\000s\000y\000\040\000n\000i\000e\000-\000n\000i\000e\000z\000b\001\031\000d\000n\000e\000\040\000\050\000e\000n\000d\000o\000g\000e\000n\000n\000e\000\051}{section.3.4}% 12
\BOOKMARK [1][-]{section.3.5}{\376\377\000T\001\102\000u\000s\000z\000c\000z}{chapter.3}% 13
\BOOKMARK [1][-]{section.3.6}{\376\377\000S\000k\001\102\000a\000d\000n\000i\000k\000i\000\040\000m\000i\000n\000e\000r\000a\000l\000n\000e}{chapter.3}% 14
\BOOKMARK [2][-]{subsection.3.6.1}{\376\377\000W\000a\000p\001\104}{section.3.6}% 15
\BOOKMARK [1][-]{section.3.7}{\376\377\000P\000r\000z\000y\000k\001\102\000a\000d\000o\000w\000a\000\040\000p\000a\000s\000z\000a}{chapter.3}% 16
\BOOKMARK [0][-]{chapter.4}{\376\377\000F\000u\000n\000k\000c\000j\000e\000\040\000s\000y\000s\000t\000e\000m\000u}{}% 17
\BOOKMARK [0][-]{chapter.5}{\376\377\000P\000r\000o\000j\000e\000k\000t\000o\000w\000a\000n\000i\000e\000\040\000M\000o\000d\000e\000l\000i\000\040\000o\000r\000a\000z\000\040\000s\001\102\000o\000w\000n\000i\000k\000\040\000k\000l\000u\000c\000z\000o\000w\000y\000c\000h\000\040\000p\000o\000j\001\031\001\007}{}% 18
\BOOKMARK [1][-]{section.5.1}{\376\377\000D\000o\000s\000t\000a\000w\000a}{chapter.5}% 19
\BOOKMARK [1][-]{section.5.2}{\376\377\000P\000r\000o\000d\000u\000k\000t}{chapter.5}% 20
\BOOKMARK [1][-]{section.5.3}{\376\377\000S\000k\001\102\000a\000d}{chapter.5}% 21
\BOOKMARK [1][-]{section.5.4}{\376\377\000R\000e\000c\000e\000p\000t\000u\000r\000a}{chapter.5}% 22
\BOOKMARK [1][-]{section.5.5}{\376\377\000P\000r\000o\000d\000u\000k\000c\000j\000a}{chapter.5}% 23
\BOOKMARK [0][-]{chapter.6}{\376\377\000P\000r\000z\000y\000p\000a\000d\000k\000i\000\040\000u\001\174\000y\000c\000i\000a}{}% 24
\BOOKMARK [0][-]{chapter.7}{\376\377\000I\000n\000s\000t\000a\000l\000a\000c\000j\000a\000\040\000s\000y\000s\000t\000e\000m\000u}{}% 25
\BOOKMARK [0][-]{chapter.8}{\376\377\000P\000o\000d\000s\000u\000m\000o\000w\000a\000n\000i\000e}{}% 26
\BOOKMARK [1][-]{section.8.1}{\376\377\000P\000o\000m\000y\000s\001\102\000y\000\040\000j\000a\000k\000i\000e\000\040\000p\000r\000z\000y\000s\000z\001\102\000y\000\040\000w\000\040\000t\000r\000a\000k\000c\000i\000e\000\040\000p\000i\000s\000a\000n\000i\000a\000\040\000p\000r\000a\000c\000y}{chapter.8}% 27
\BOOKMARK [1][-]{section.8.2}{\376\377\000C\000z\000e\000g\000o\000\040\000z\000a\000b\000r\000a\000k\001\102\000o\000\040\000w\000\040\000a\000p\000l\000i\000k\000a\000c\000j\000i}{chapter.8}% 28
\BOOKMARK [1][-]{section.8.3}{\376\377\000R\000o\000z\000e\000z\000n\000a\000n\000i\000e\000\040\000r\000y\000n\000k\000u}{chapter.8}% 29
\BOOKMARK [0][-]{chapter.9}{\376\377\000B\000i\000b\000l\000i\000o\000g\000r\000a\000f\000i\000a}{}% 30
\BOOKMARK [0][-]{chapter.10}{\376\377\000l\000u\001\172\000n\000e\000\040\000n\000o\000t\000k\000i}{}% 31
